hola
adios!!
Hola de nuevo
como estas?

PS C:\Users\JOSEDAVIDESQUIVIAHER\Desktop\miApp> git init
Initialized empty Git repository in C:/Users/JOSEDAVIDESQUIVIAHER/Desktop/miApp/.git/
PS C:\Users\JOSEDAVIDESQUIVIAHER\Desktop\miApp> git config user.name "jdesquivia6"
PS C:\Users\JOSEDAVIDESQUIVIAHER\Desktop\miApp> git config user.email "jsef1023@gmail.com"
PS C:\Users\JOSEDAVIDESQUIVIAHER\Desktop\miApp> git config --list
diff.astextplain.textconv=astextplain
filter.lfs.clean=git-lfs clean -- %f
filter.lfs.smudge=git-lfs smudge -- %f
filter.lfs.process=git-lfs filter-process
filter.lfs.required=true
http.sslbackend=openssl
http.sslcainfo=C:/Program Files/Git/mingw64/ssl/certs/ca-bundle.crt
core.autocrlf=true
core.fscache=true
core.symlinks=false
pull.rebase=false
credential.helper=manager-core
credential.https://dev.azure.com.usehttppath=true
init.defaultbranch=master
core.repositoryformatversion=0
core.filemode=false
core.bare=false
core.logallrefupdates=true
core.symlinks=false
core.ignorecase=true
user.name=jdesquivia6
user.email=jsef1023@gmail.com
PS C:\Users\JOSEDAVIDESQUIVIAHER\Desktop\miApp> git status
On branch master

No commits yet

nothing to commit (create/copy files and use "git add" to track)
PS C:\Users\JOSEDAVIDESQUIVIAHER\Desktop\miApp> git status
On branch master

No commits yet

Untracked files:
  (use "git add <file>..." to include in what will be committed)
        index.txt

nothing added to commit but untracked files present (use "git add" to track)
PS C:\Users\JOSEDAVIDESQUIVIAHER\Desktop\miApp> git status
On branch master

No commits yet

Untracked files:
  (use "git add <file>..." to include in what will be committed)
        index.txt

nothing added to commit but untracked files present (use "git add" to track)
PS C:\Users\JOSEDAVIDESQUIVIAHER\Desktop\miApp> git add .
PS C:\Users\JOSEDAVIDESQUIVIAHER\Desktop\miApp> git status
On branch master

No commits yet

Changes to be committed:
  (use "git rm --cached <file>..." to unstage)
        new file:   index.txt

PS C:\Users\JOSEDAVIDESQUIVIAHER\Desktop\miApp> git commit -m "Creamos una linea dentro de el archivo index"
[master (root-commit) 22e2e10] Creamos una linea dentro de el archivo index
 1 file changed, 1 insertion(+)
 create mode 100644 index.txt
PS C:\Users\JOSEDAVIDESQUIVIAHER\Desktop\miApp> git status
On branch master
nothing to commit, working tree clean
PS C:\Users\JOSEDAVIDESQUIVIAHER\Desktop\miApp> git status
On branch master
Changes not staged for commit:
  (use "git add <file>..." to update what will be committed)
  (use "git restore <file>..." to discard changes in working directory)
        modified:   index.txt

no changes added to commit (use "git add" and/or "git commit -a")
PS C:\Users\JOSEDAVIDESQUIVIAHER\Desktop\miApp> git remote add origin https://github.com/Jdesquivia6/Prueba.git
PS C:\Users\JOSEDAVIDESQUIVIAHER\Desktop\miApp> git push origin master
info: please complete authentication in your browser...
Enumerating objects: 3, done.
Counting objects: 100% (3/3), done.
Writing objects: 100% (3/3), 240 bytes | 120.00 KiB/s, done.
Total 3 (delta 0), reused 0 (delta 0), pack-reused 0
To https://github.com/Jdesquivia6/Prueba.git
 * [new branch]      master -> master
PS C:\Users\JOSEDAVIDESQUIVIAHER\Desktop\miApp> git status
On branch master
Changes not staged for commit:
  (use "git add <file>..." to update what will be committed)
  (use "git restore <file>..." to discard changes in working directory)
        modified:   index.txt

no changes added to commit (use "git add" and/or "git commit -a")
PS C:\Users\JOSEDAVIDESQUIVIAHER\Desktop\miApp> git log
commit 22e2e10e2707a66b0ed304125a677194a41f197d (HEAD -> master, origin/master)
Author: jdesquivia6 <jsef1023@gmail.com>
Date:   Thu Oct 27 19:30:52 2022 -0500

    Creamos una linea dentro de el archivo index
PS C:\Users\JOSEDAVIDESQUIVIAHER\Desktop\miApp> git add .
PS C:\Users\JOSEDAVIDESQUIVIAHER\Desktop\miApp> git status
On branch master
Changes to be committed:
  (use "git restore --staged <file>..." to unstage)
        modified:   index.txt

PS C:\Users\JOSEDAVIDESQUIVIAHER\Desktop\miApp> git commit -m "Segunda linea"
[master 860bf7b] Segunda linea
 1 file changed, 2 insertions(+), 1 deletion(-)
PS C:\Users\JOSEDAVIDESQUIVIAHER\Desktop\miApp> git status
On branch master
Changes not staged for commit:
  (use "git add <file>..." to update what will be committed)
  (use "git restore <file>..." to discard changes in working directory)
        modified:   index.txt

no changes added to commit (use "git add" and/or "git commit -a")
PS C:\Users\JOSEDAVIDESQUIVIAHER\Desktop\miApp> git status
On branch master
Changes not staged for commit:
  (use "git add <file>..." to update what will be committed)
  (use "git restore <file>..." to discard changes in working directory)
        modified:   index.txt

no changes added to commit (use "git add" and/or "git commit -a")
PS C:\Users\JOSEDAVIDESQUIVIAHER\Desktop\miApp> git commit -m "Tercera linea"
On branch master
Changes not staged for commit:
  (use "git add <file>..." to update what will be committed)
  (use "git restore <file>..." to discard changes in working directory)
        modified:   index.txt

no changes added to commit (use "git add" and/or "git commit -a")
PS C:\Users\JOSEDAVIDESQUIVIAHER\Desktop\miApp> git push origin master
Enumerating objects: 5, done.
Counting objects: 100% (5/5), done.
Writing objects: 100% (3/3), 255 bytes | 255.00 KiB/s, done.
Total 3 (delta 0), reused 0 (delta 0), pack-reused 0
To https://github.com/Jdesquivia6/Prueba.git
   22e2e10..860bf7b  master -> master
PS C:\Users\JOSEDAVIDESQUIVIAHER\Desktop\miApp> git push origin master
Everything up-to-date
PS C:\Users\JOSEDAVIDESQUIVIAHER\Desktop\miApp> git status
On branch master
Changes not staged for commit:
  (use "git add <file>..." to update what will be committed)
  (use "git restore <file>..." to discard changes in working directory)
        modified:   index.txt

no changes added to commit (use "git add" and/or "git commit -a")
PS C:\Users\JOSEDAVIDESQUIVIAHER\Desktop\miApp> git add .
PS C:\Users\JOSEDAVIDESQUIVIAHER\Desktop\miApp> git status
On branch master
Changes to be committed:
  (use "git restore --staged <file>..." to unstage)
        modified:   index.txt

PS C:\Users\JOSEDAVIDESQUIVIAHER\Desktop\miApp> git push origin master
Everything up-to-date
PS C:\Users\JOSEDAVIDESQUIVIAHER\Desktop\miApp> git commit -m "Tercera linea"
[master 0f2b208] Tercera linea
 1 file changed, 2 insertions(+), 1 deletion(-)
PS C:\Users\JOSEDAVIDESQUIVIAHER\Desktop\miApp> git push origin master
Enumerating objects: 5, done.
Counting objects: 100% (5/5), done.
Writing objects: 100% (3/3), 268 bytes | 268.00 KiB/s, done.
Total 3 (delta 0), reused 0 (delta 0), pack-reused 0
To https://github.com/Jdesquivia6/Prueba.git
   860bf7b..0f2b208  master -> master
PS C:\Users\JOSEDAVIDESQUIVIAHER\Desktop\miApp> git status
On branch master
nothing to commit, working tree clean
PS C:\Users\JOSEDAVIDESQUIVIAHER\Desktop\miApp> git log
commit 0f2b20841b7656333bf5eb8fee44a37929bdebbe (HEAD -> master, origin/master)
Author: jdesquivia6 <jsef1023@gmail.com>
Date:   Thu Oct 27 19:54:17 2022 -0500

    Tercera linea

commit 860bf7bb28a4c89875a1598592d3e1a8122921cf
Author: jdesquivia6 <jsef1023@gmail.com>
Date:   Thu Oct 27 19:51:32 2022 -0500

    Segunda linea

commit 22e2e10e2707a66b0ed304125a677194a41f197d
Author: jdesquivia6 <jsef1023@gmail.com>
Date:   Thu Oct 27 19:30:52 2022 -0500

    Creamos una linea dentro de el archivo index
PS C:\Users\JOSEDAVIDESQUIVIAHER\Desktop\miApp> cd..
PS C:\Users\JOSEDAVIDESQUIVIAHER\Desktop> git clone https://github.com/Jdesquivia6/Prueba.git
Cloning into 'Prueba'...
remote: Enumerating objects: 9, done.
remote: Counting objects: 100% (9/9), done.
remote: Compressing objects: 100% (3/3), done.
remote: Total 9 (delta 0), reused 9 (delta 0), pack-reused 0
Receiving objects: 100% (9/9), done.
PS C:\Users\JOSEDAVIDESQUIVIAHER\Desktop> cd prueba
PS C:\Users\JOSEDAVIDESQUIVIAHER\Desktop\prueba> dir


    Directorio: C:\Users\JOSEDAVIDESQUIVIAHER\Desktop\prueba


Mode                 LastWriteTime         Length Name
----                 -------------         ------ ----
-a----      27/10/2022  8:02 p. m.             28 index.txt


PS C:\Users\JOSEDAVIDESQUIVIAHER\Desktop\prueba> ls


    Directorio: C:\Users\JOSEDAVIDESQUIVIAHER\Desktop\prueba


Mode                 LastWriteTime         Length Name
----                 -------------         ------ ----
-a----      27/10/2022  8:02 p. m.             28 index.txt


PS C:\Users\JOSEDAVIDESQUIVIAHER\Desktop\prueba> git log
commit 0f2b20841b7656333bf5eb8fee44a37929bdebbe (HEAD -> master, origin/master, origin/HEAD)
Author: jdesquivia6 <jsef1023@gmail.com>
Date:   Thu Oct 27 19:54:17 2022 -0500

    Tercera linea

commit 860bf7bb28a4c89875a1598592d3e1a8122921cf
Author: jdesquivia6 <jsef1023@gmail.com>
Date:   Thu Oct 27 19:51:32 2022 -0500

    Segunda linea

commit 22e2e10e2707a66b0ed304125a677194a41f197d
Author: jdesquivia6 <jsef1023@gmail.com>
Date:   Thu Oct 27 19:30:52 2022 -0500

    Creamos una linea dentro de el archivo index
PS C:\Users\JOSEDAVIDESQUIVIAHER\Desktop\prueba> git status
On branch master
Your branch is up to date with 'origin/master'.

Changes not staged for commit:
  (use "git add <file>..." to update what will be committed)
  (use "git restore <file>..." to discard changes in working directory)
        modified:   index.txt

no changes added to commit (use "git add" and/or "git commit -a")
PS C:\Users\JOSEDAVIDESQUIVIAHER\Desktop\prueba> git add .
PS C:\Users\JOSEDAVIDESQUIVIAHER\Desktop\prueba> git commit -m "Cuarta linea"
[master 415e9b6] Cuarta linea
 Committer: JOSE DAVID ESQUIVIA HERNANDEZ <jdesquiviah@ul.edu.co>
Your name and email address were configured automatically based
on your username and hostname. Please check that they are accurate.
You can suppress this message by setting them explicitly. Run the
following command and follow the instructions in your editor to edit
your configuration file:

    git config --global --edit

After doing this, you may fix the identity used for this commit with:

    git commit --amend --reset-author

 1 file changed, 2 insertions(+), 1 deletion(-)
PS C:\Users\JOSEDAVIDESQUIVIAHER\Desktop\prueba> git push origin master
Enumerating objects: 5, done.
Counting objects: 100% (5/5), done.
Writing objects: 100% (3/3), 308 bytes | 308.00 KiB/s, done.
Total 3 (delta 0), reused 0 (delta 0), pack-reused 0
To https://github.com/Jdesquivia6/Prueba.git
   0f2b208..415e9b6  master -> master
PS C:\Users\JOSEDAVIDESQUIVIAHER\Desktop\prueba> git log
commit 415e9b6bcb1c48ea8316f59ff5747b38df615c5f (HEAD -> master, origin/master, origin/HEAD)
Author: JOSE DAVID ESQUIVIA HERNANDEZ <jdesquiviah@ul.edu.co>
Date:   Thu Oct 27 20:05:12 2022 -0500

    Cuarta linea

commit 0f2b20841b7656333bf5eb8fee44a37929bdebbe
Author: jdesquivia6 <jsef1023@gmail.com>
Date:   Thu Oct 27 19:54:17 2022 -0500

    Tercera linea

commit 860bf7bb28a4c89875a1598592d3e1a8122921cf
Author: jdesquivia6 <jsef1023@gmail.com>
Date:   Thu Oct 27 19:51:32 2022 -0500

    Segunda linea

commit 22e2e10e2707a66b0ed304125a677194a41f197d
Author: jdesquivia6 <jsef1023@gmail.com>
Date:   Thu Oct 27 19:30:52 2022 -0500

    Creamos una linea dentro de el archivo index
PS C:\Users\JOSEDAVIDESQUIVIAHER\Desktop\prueba>

